         400         446           8         256        1600         446           0
         235          22          21         366         365
         235          21         372         365         371
         238         372         369         371         368
         237         369          20         368         367
         237          20         401         367         400
         251         401          19         400         385
         251          19         391         385         390
         254         391         388         390         387
         253         388          18         387         386
         253          18         422         386         421
         233         366         365          17         364
         234         365         371         364         370
         239         371         368         370         378
         238         368         367         378         377
         236         367         400         377         399
         249         400         385         399         384
         250         385         390         384         389
         255         390         387         389         396
         254         387         386         396         395
         252         386         421         395         420
         233          17         364         376         375
         232         364         370         375         374
         239         370         378         374         373
         227         378         377         373         360
         227         377         399         360         398
         249         399         384         398         394
         248         384         389         394         393
         255         389         396         393         392
         243         396         395         392         380
         243         395         420         380         419
         229         376         375          16         362
         231         375         374         362         361
         231         374         373         361         363
         225         373         360         363         359
         226         360         398         359         397
         245         398         394         397         382
         247         394         393         382         381
         247         393         392         381         383
         241         392         380         383         379
         242         380         419         379         418
         229          16         362         411         410
         228         362         361         410         409
         230         361         363         409         408
         225         363         359         408         407
         224         359         397         407         406
         245         397         382         406         405
         244         382         381         405         404
         246         381         383         404         403
         241         383         379         403         402
         240         379         418         402         417
         203         411         410         323         322
         203         410         409         322         327
         206         409         408         327         325
         205         408         407         325         324
         205         407         406         324         358
         219         406         405         358         344
         219         405         404         344         348
         222         404         403         348         346
         221         403         402         346         345
         221         402         417         345         416
         201         323         322          15         321
         202         322         327         321         326
         207         327         325         326         333
         206         325         324         333         332
         204         324         358         332         357
         217         358         344         357         343
         218         344         348         343         347
         223         348         346         347         353
         222         346         345         353         352
         220         345         416         352         415
         201          15         321         331         330
         200         321         326         330         329
         207         326         333         329         328
         195         333         332         328         314
         195         332         357         314         356
         217         357         343         356         351
         216         343         347         351         350
         223         347         353         350         349
         211         353         352         349         336
         211         352         415         336         414
         197         331         330          14         318
         199         330         329         318         317
         199         329         328         317         320
         193         328         314         320         313
         194         314         356         313         355
         213         356         351         355         340
         215         351         350         340         339
         215         350         349         339         342
         209         349         336         342         335
         210         336         414         335         413
         197          14         318          13         315
         196         318         317         315         316
         198         317         320         316         319
         193         320         313         319         312
         192         313         355         312         354
         213         355         340         354         337
         212         340         339         337         338
         214         339         342         338         341
         209         342         335         341         334
         208         335         413         334         412
         190         422         288         421         287
         185         288         286         287         283
         187         286         291         283         290
         183         291         280         290         282
         181         280         446         282         281
         179         446         445         281         444
          39         445          71         444         443
          39          71          70         443          69
          37          70          80          69         113
          46          80          74         113         112
          47          74         100         112         111
          47         100         110         111         109
          21         110         107         109          50
          23         107         106          50          49
          23         106         105          49          48
         184         421         287         420         300
         185         287         283         300         299
         187         283         290         299         289
         183         290         282         289         298
         178         282         281         298         297
         179         281         444         297         296
         177         444         443         296         442
          38         443          69         442         441
          36          69         113         441         108
          29         113         112         108          57
          31         112         111          57          56
          31         111         109          56          61
          21         109          50          61          53
          20          50          49          53          52
          22          49          48          52          51
         173         420         300         419         274
         172         300         299         274         295
         186         299         289         295         294
         182         289         298         294         293
         167         298         297         293         268
         166         297         296         268         292
         177         296         442         292         311
         176         442         441         311         440
          28         441         108         440         439
          29         108          57         439          59
          30          57          56          59          58
          30          56          61          58          60
          17          61          53          60          47
          19          53          52          47          46
          19          52          51          46          45
         173         419         274         418         273
         175         274         295         273         279
         175         295         294         279         278
         163         294         293         278         270
         167         293         268         270         269
         165         268         292         269         310
         164         292         311         310         309
         159         311         440         309         254
         159         440         439         254         438
          25         439          59         438          55
          27          59          58          55          54
          27          58          60          54          67
          17          60          47          67          66
          16          47          46          66          65
          18          46          45          65          64
         174         418         273         417         275
         174         273         279         275         277
         162         279         278         277         276
         163         278         270         276         267
         161         270         269         267         308
         165         269         310         308         307
         157         310         309         307         255
         158         309         254         255         258
         158         254         438         258         437
          25         438          55         437         436
          24          55          54         436          63
          26          54          67          63          62
          14          67          66          62          40
          15          66          65          40          38
          15          65          64          38          37
         169         417         275         416         272
         171         275         277         272         271
         171         277         276         271         306
         160         276         267         306         305
         161         267         308         305         304
         135         308         307         304         266
         157         307         255         266         257
         156         255         258         257         256
         153         258         437         256         253
         153         437         436         253         435
           9         436          63         435          35
          11          63          62          35          34
          11          62          40          34          39
          14          40          38          39          36
          13          38          37          36          12
         169         416         272         415         303
         168         272         271         303         302
         170         271         306         302         301
         142         306         305         301         243
         134         305         304         243         228
         135         304         266         228         265
         155         266         257         265         264
         155         257         256         264         260
         154         256         253         260         259
         152         253         435         259         434
           9         435          35         434         433
           8          35          34         433          44
          10          34          39          44          43
          12          39          36          43          42
          13          36          12          42          41
         139         415         303         414         233
         139         303         302         233         239
         143         302         301         239         236
         142         301         243         236         242
         133         243         228         242         230
         133         228         265         230         229
         132         265         264         229         263
         147         264         260         263         246
         147         260         259         246         252
         151         259         434         252         249
         151         434         433         249         432
           3         433          44         432          25
           3          44          43          25          33
           7          43          42          33          30
           7          42          41          30          27
         137         414         233         413         232
         138         233         239         232         238
         141         239         236         238         235
         143         236         242         235         241
         129         242         230         241         227
         131         230         229         227         226
         131         229         263         226         262
         145         263         246         262         245
         146         246         252         245         251
         149         252         249         251         248
         150         249         432         248         431
           1         432          25         431          24
           2          25          33          24          32
           5          33          30          32          29
           6          30          27          29          28
         137         413         232         412         231
         136         232         238         231         237
         141         238         235         237         234
         140         235         241         234         240
         129         241         227         240         224
         128         227         226         224         225
         130         226         262         225         261
         145         262         245         261         244
         144         245         251         244         250
         149         251         248         250         247
         148         248         431         247         430
           1         431          24         430          23
           0          24          32          23          31
           5          32          29          31          26
           4          29          28          26          11
          95          10           9         137         136
          95           9         148         136         147
          85         148         132         147         131
          87         132           8         131         130
          87           8         208         130         207
         107         208         168         207         167
         110         168         162         167         166
         111         162           7         166         164
         111           7         199         164         198
         117         199         176         198         175
         119         176         174         175         191
         118         174         193         191         192
         125         193         184         192         183
         127         184           6         183         182
         127           6           5         182         181
          94         137         136         139         138
          94         136         147         138         146
          85         147         131         146         145
          84         131         130         145         133
          86         130         207         133         206
         107         207         167         206         161
         106         167         166         161         165
         110         166         164         165         163
         109         164         198         163         197
         117         198         175         197         177
         119         175         191         177         190
         124         191         192         190         189
         125         192         183         189         187
         126         183         182         187         186
         126         182         181         186         185
          93         139         138         142         141
          93         138         146         141         140
          92         146         145         140         144
          81         145         133         144         129
          83         133         206         129         205
         105         206         161         205         204
         105         161         165         204         171
         108         165         163         171         170
         109         163         197         170         196
         116         197         177         196         195
         115         177         190         195         173
         115         190         189         173         188
         121         189         187         188         180
         123         187         186         180         179
         123         186         185         179         178
          89         142         141           4         135
          91         141         140         135         134
          91         140         144         134         143
          81         144         129         143         155
          83         129         205         155         154
          82         205         204         154         203
         104         204         171         203         169
         103         171         170         169         160
         103         170         196         160         157
         101         196         195         157         194
         113         195         173         194         172
         114         173         188         172         223
         121         188         180         223         222
         120         180         179         222         221
         122         179         178         221         220
          89           4         135         153         152
          88         135         134         152         151
          90         134         143         151         150
          80         143         155         150         149
          71         155         154         149         116
          71         154         203         116         202
          99         203         169         202         156
          98         169         160         156         159
         102         160         157         159         158
         101         157         194         158         219
         113         194         172         219         218
         112         172         223         218         217
          62         223         222         217          95
          63         222         221          95          93
          63         221         220          93          92
          78         153         152         122         121
          79         152         151         121         125
          79         151         150         125         124
          75         150         149         124         128
          69         149         116         128         115
          70         116         202         115         201
          99         202         156         201         200
          97         156         159         200         216
          96         159         158         216         215
         100         158         219         215         214
          57         219         218         214          90
          59         218         217          90          89
          59         217          95          89          94
          62          95          93          94          91
          61          93          92          91           3
          77         122         121           2         120
          78         121         125         120         123
          74         125         124         123         119
          75         124         128         119         127
          69         128         115         127         118
          68         115         201         118         117
          65         201         200         117         213
          97         200         216         213         212
          41         216         215         212          72
          43         215         214          72         104
          57         214          90         104         103
          56          90          89         103          99
          58          89          94          99          98
          60          94          91          98          97
          61          91           3          97          96
          77           2         120         429         428
          76         120         123         428         427
          73         123         119         427         426
          73         119         127         426         126
          67         127         118         126         114
          64         118         117         114         211
          65         117         213         211         210
          35         213         212         210          79
          41         212          72          79          76
          43          72         104          76          75
          42         104         103          75         102
          51         103          99         102          82
          51          99          98          82          88
          55          98          97          88          86
          55          97          96          86          83
         191         429         428           1         285
         189         428         427         285         284
         189         427         426         284         425
          72         426         126         425         424
          67         126         114         424         423
          66         114         211         423         209
          33         211         210         209          68
          35         210          79          68          78
          40          79          76          78          77
          45          76          75          77          73
          44          75         102          73         101
          49         102          82         101          81
          50          82          88          81          87
          53          88          86          87          85
          54          86          83          85          84
         191           1         285         422         288
         190         285         284         288         286
         188         284         425         286         291
         180         425         424         291         280
         181         424         423         280         446
          32         423         209         446         445
          33         209          68         445          71
          34          68          78          71          70
          37          78          77          70          80
          45          77          73          80          74
          46          73         101          74         100
          49         101          81         100         110
          48          81          87         110         107
          53          87          85         107         106
          52          85          84         106         105
